Archive member included to satisfy reference by file (symbol)

c:/devkitPro/libgba/lib\libgba.a(interrupt.o)
                              launch.o (irqInit)
c:/devkitPro/libgba/lib\libgba.a(InterruptDispatcher.o)
                              c:/devkitPro/libgba/lib\libgba.a(interrupt.o) (IntrMain)
c:/devkitpro/devkitarm/bin/../lib/gcc/arm-none-eabi/5.3.0/thumb\libgcc.a(_divsi3.o)
                              launch.o (__aeabi_idivmod)
c:/devkitpro/devkitarm/bin/../lib/gcc/arm-none-eabi/5.3.0/thumb\libgcc.a(_dvmd_tls.o)
                              c:/devkitpro/devkitarm/bin/../lib/gcc/arm-none-eabi/5.3.0/thumb\libgcc.a(_divsi3.o) (__aeabi_idiv0)
c:/devkitpro/devkitarm/bin/../lib/gcc/arm-none-eabi/5.3.0/../../../../arm-none-eabi/lib/thumb\libg.a(lib_a-init.o)
                              c:/devkitpro/devkitarm/bin/../lib/gcc/arm-none-eabi/5.3.0/../../../../arm-none-eabi/lib/thumb/gba_crt0.o (__libc_init_array)
c:/devkitpro/devkitarm/bin/../lib/gcc/arm-none-eabi/5.3.0/../../../../arm-none-eabi/lib/thumb\libg.a(lib_a-rand.o)
                              launch.o (srand)
c:/devkitpro/devkitarm/bin/../lib/gcc/arm-none-eabi/5.3.0/../../../../arm-none-eabi/lib/thumb\libg.a(lib_a-time.o)
                              launch.o (time)
c:/devkitpro/devkitarm/bin/../lib/gcc/arm-none-eabi/5.3.0/../../../../arm-none-eabi/lib/thumb\libsysbase.a(gettod.o)
                              c:/devkitpro/devkitarm/bin/../lib/gcc/arm-none-eabi/5.3.0/../../../../arm-none-eabi/lib/thumb\libg.a(lib_a-time.o) (_gettimeofday_r)
c:/devkitpro/devkitarm/bin/../lib/gcc/arm-none-eabi/5.3.0/../../../../arm-none-eabi/lib/thumb\libsysbase.a(malloc_vars.o)
                              c:/devkitpro/devkitarm/bin/../lib/gcc/arm-none-eabi/5.3.0/../../../../arm-none-eabi/lib/thumb/gba_crt0.o (fake_heap_end)
c:/devkitpro/devkitarm/bin/../lib/gcc/arm-none-eabi/5.3.0/../../../../arm-none-eabi/lib/thumb\libsysbase.a(syscall_support.o)
                              c:/devkitpro/devkitarm/bin/../lib/gcc/arm-none-eabi/5.3.0/../../../../arm-none-eabi/lib/thumb\libsysbase.a(gettod.o) (__syscalls)
c:/devkitpro/devkitarm/bin/../lib/gcc/arm-none-eabi/5.3.0/../../../../arm-none-eabi/lib/thumb\libsysbase.a(getreent.o)
                              c:/devkitpro/devkitarm/bin/../lib/gcc/arm-none-eabi/5.3.0/../../../../arm-none-eabi/lib/thumb\libg.a(lib_a-rand.o) (__getreent)
c:/devkitpro/devkitarm/bin/../lib/gcc/arm-none-eabi/5.3.0/thumb\libgcc.a(_muldi3.o)
                              c:/devkitpro/devkitarm/bin/../lib/gcc/arm-none-eabi/5.3.0/../../../../arm-none-eabi/lib/thumb\libg.a(lib_a-rand.o) (__aeabi_lmul)
c:/devkitpro/devkitarm/bin/../lib/gcc/arm-none-eabi/5.3.0/../../../../arm-none-eabi/lib/thumb\libg.a(lib_a-impure.o)
                              c:/devkitpro/devkitarm/bin/../lib/gcc/arm-none-eabi/5.3.0/../../../../arm-none-eabi/lib/thumb\libsysbase.a(getreent.o) (_impure_ptr)

Allocating common symbols
Common symbol       size              file

t                   0x4               launch.o
IntrTable           0x78              c:/devkitPro/libgba/lib\libgba.a(interrupt.o)
frame               0x4               launch.o

Discarded input sections

 .text          0x00000000        0x0 c:/devkitpro/devkitarm/bin/../lib/gcc/arm-none-eabi/5.3.0/../../../../arm-none-eabi/lib/thumb/gba_crt0.o
 .data          0x00000000        0x0 c:/devkitpro/devkitarm/bin/../lib/gcc/arm-none-eabi/5.3.0/../../../../arm-none-eabi/lib/thumb/gba_crt0.o
 .bss           0x00000000        0x0 c:/devkitpro/devkitarm/bin/../lib/gcc/arm-none-eabi/5.3.0/../../../../arm-none-eabi/lib/thumb/gba_crt0.o
 .text          0x00000000        0x0 c:/devkitpro/devkitarm/bin/../lib/gcc/arm-none-eabi/5.3.0/thumb/crti.o
 .data          0x00000000        0x0 c:/devkitpro/devkitarm/bin/../lib/gcc/arm-none-eabi/5.3.0/thumb/crti.o
 .bss           0x00000000        0x0 c:/devkitpro/devkitarm/bin/../lib/gcc/arm-none-eabi/5.3.0/thumb/crti.o
 .data          0x00000000        0x4 c:/devkitpro/devkitarm/bin/../lib/gcc/arm-none-eabi/5.3.0/thumb/crtbegin.o
 .text          0x00000000        0x0 coin.pcx.o
 .data          0x00000000        0x0 coin.pcx.o
 .bss           0x00000000        0x0 coin.pcx.o
 .rodata        0x00000000      0x3f4 coin.pcx.o
 .text          0x00000000        0x0 magic.pcx.o
 .data          0x00000000        0x0 magic.pcx.o
 .bss           0x00000000        0x0 magic.pcx.o
 .rodata        0x00000000      0x9f4 magic.pcx.o
 .text          0x00000000        0x0 player.pcx.o
 .data          0x00000000        0x0 player.pcx.o
 .bss           0x00000000        0x0 player.pcx.o
 .rodata        0x00000000      0x3c4 player.pcx.o
 .text          0x00000000        0x0 ppic.pcx.o
 .data          0x00000000        0x0 ppic.pcx.o
 .bss           0x00000000        0x0 ppic.pcx.o
 .rodata        0x00000000     0x17a8 ppic.pcx.o
 .text          0x00000000        0x0 testA.pcx.o
 .data          0x00000000        0x0 testA.pcx.o
 .bss           0x00000000        0x0 testA.pcx.o
 .rodata        0x00000000     0x2320 testA.pcx.o
 .text          0x00000000        0x0 testB.pcx.o
 .data          0x00000000        0x0 testB.pcx.o
 .bss           0x00000000        0x0 testB.pcx.o
 .rodata        0x00000000     0x2170 testB.pcx.o
 .text          0x00000000        0x0 wall.pcx.o
 .data          0x00000000        0x0 wall.pcx.o
 .bss           0x00000000        0x0 wall.pcx.o
 .rodata        0x00000000      0x3b8 wall.pcx.o
 .data          0x00000000        0x0 c:/devkitPro/libgba/lib\libgba.a(interrupt.o)
 .bss           0x00000000        0x0 c:/devkitPro/libgba/lib\libgba.a(interrupt.o)
 .text          0x00000000        0x0 c:/devkitPro/libgba/lib\libgba.a(InterruptDispatcher.o)
 .data          0x00000000        0x0 c:/devkitPro/libgba/lib\libgba.a(InterruptDispatcher.o)
 .bss           0x00000000        0x0 c:/devkitPro/libgba/lib\libgba.a(InterruptDispatcher.o)
 .data          0x00000000        0x0 c:/devkitpro/devkitarm/bin/../lib/gcc/arm-none-eabi/5.3.0/thumb\libgcc.a(_divsi3.o)
 .bss           0x00000000        0x0 c:/devkitpro/devkitarm/bin/../lib/gcc/arm-none-eabi/5.3.0/thumb\libgcc.a(_divsi3.o)
 .data          0x00000000        0x0 c:/devkitpro/devkitarm/bin/../lib/gcc/arm-none-eabi/5.3.0/thumb\libgcc.a(_dvmd_tls.o)
 .bss           0x00000000        0x0 c:/devkitpro/devkitarm/bin/../lib/gcc/arm-none-eabi/5.3.0/thumb\libgcc.a(_dvmd_tls.o)
 .text          0x00000000        0x0 c:/devkitpro/devkitarm/bin/../lib/gcc/arm-none-eabi/5.3.0/../../../../arm-none-eabi/lib/thumb\libg.a(lib_a-init.o)
 .data          0x00000000        0x0 c:/devkitpro/devkitarm/bin/../lib/gcc/arm-none-eabi/5.3.0/../../../../arm-none-eabi/lib/thumb\libg.a(lib_a-init.o)
 .bss           0x00000000        0x0 c:/devkitpro/devkitarm/bin/../lib/gcc/arm-none-eabi/5.3.0/../../../../arm-none-eabi/lib/thumb\libg.a(lib_a-init.o)
 .text          0x00000000        0x0 c:/devkitpro/devkitarm/bin/../lib/gcc/arm-none-eabi/5.3.0/../../../../arm-none-eabi/lib/thumb\libg.a(lib_a-rand.o)
 .data          0x00000000        0x0 c:/devkitpro/devkitarm/bin/../lib/gcc/arm-none-eabi/5.3.0/../../../../arm-none-eabi/lib/thumb\libg.a(lib_a-rand.o)
 .bss           0x00000000        0x0 c:/devkitpro/devkitarm/bin/../lib/gcc/arm-none-eabi/5.3.0/../../../../arm-none-eabi/lib/thumb\libg.a(lib_a-rand.o)
 .text          0x00000000        0x0 c:/devkitpro/devkitarm/bin/../lib/gcc/arm-none-eabi/5.3.0/../../../../arm-none-eabi/lib/thumb\libg.a(lib_a-time.o)
 .data          0x00000000        0x0 c:/devkitpro/devkitarm/bin/../lib/gcc/arm-none-eabi/5.3.0/../../../../arm-none-eabi/lib/thumb\libg.a(lib_a-time.o)
 .bss           0x00000000        0x0 c:/devkitpro/devkitarm/bin/../lib/gcc/arm-none-eabi/5.3.0/../../../../arm-none-eabi/lib/thumb\libg.a(lib_a-time.o)
 .data          0x00000000        0x0 c:/devkitpro/devkitarm/bin/../lib/gcc/arm-none-eabi/5.3.0/../../../../arm-none-eabi/lib/thumb\libsysbase.a(gettod.o)
 .bss           0x00000000        0x0 c:/devkitpro/devkitarm/bin/../lib/gcc/arm-none-eabi/5.3.0/../../../../arm-none-eabi/lib/thumb\libsysbase.a(gettod.o)
 .text          0x00000000        0x0 c:/devkitpro/devkitarm/bin/../lib/gcc/arm-none-eabi/5.3.0/../../../../arm-none-eabi/lib/thumb\libsysbase.a(malloc_vars.o)
 .data          0x00000000        0x0 c:/devkitpro/devkitarm/bin/../lib/gcc/arm-none-eabi/5.3.0/../../../../arm-none-eabi/lib/thumb\libsysbase.a(malloc_vars.o)
 .text          0x00000000      0x104 c:/devkitpro/devkitarm/bin/../lib/gcc/arm-none-eabi/5.3.0/../../../../arm-none-eabi/lib/thumb\libsysbase.a(syscall_support.o)
 .data          0x00000000        0x0 c:/devkitpro/devkitarm/bin/../lib/gcc/arm-none-eabi/5.3.0/../../../../arm-none-eabi/lib/thumb\libsysbase.a(syscall_support.o)
 .data          0x00000000        0x0 c:/devkitpro/devkitarm/bin/../lib/gcc/arm-none-eabi/5.3.0/../../../../arm-none-eabi/lib/thumb\libsysbase.a(getreent.o)
 .bss           0x00000000        0x0 c:/devkitpro/devkitarm/bin/../lib/gcc/arm-none-eabi/5.3.0/../../../../arm-none-eabi/lib/thumb\libsysbase.a(getreent.o)
 .data          0x00000000        0x0 c:/devkitpro/devkitarm/bin/../lib/gcc/arm-none-eabi/5.3.0/thumb\libgcc.a(_muldi3.o)
 .bss           0x00000000        0x0 c:/devkitpro/devkitarm/bin/../lib/gcc/arm-none-eabi/5.3.0/thumb\libgcc.a(_muldi3.o)
 .text          0x00000000        0x0 c:/devkitpro/devkitarm/bin/../lib/gcc/arm-none-eabi/5.3.0/../../../../arm-none-eabi/lib/thumb\libg.a(lib_a-impure.o)
 .data          0x00000000        0x0 c:/devkitpro/devkitarm/bin/../lib/gcc/arm-none-eabi/5.3.0/../../../../arm-none-eabi/lib/thumb\libg.a(lib_a-impure.o)
 .bss           0x00000000        0x0 c:/devkitpro/devkitarm/bin/../lib/gcc/arm-none-eabi/5.3.0/../../../../arm-none-eabi/lib/thumb\libg.a(lib_a-impure.o)
 .rodata._global_impure_ptr
                0x00000000        0x4 c:/devkitpro/devkitarm/bin/../lib/gcc/arm-none-eabi/5.3.0/../../../../arm-none-eabi/lib/thumb\libg.a(lib_a-impure.o)
 .text          0x00000000        0x0 c:/devkitpro/devkitarm/bin/../lib/gcc/arm-none-eabi/5.3.0/thumb/crtend.o
 .data          0x00000000        0x0 c:/devkitpro/devkitarm/bin/../lib/gcc/arm-none-eabi/5.3.0/thumb/crtend.o
 .bss           0x00000000        0x0 c:/devkitpro/devkitarm/bin/../lib/gcc/arm-none-eabi/5.3.0/thumb/crtend.o
 .text          0x00000000        0x0 c:/devkitpro/devkitarm/bin/../lib/gcc/arm-none-eabi/5.3.0/thumb/crtn.o
 .data          0x00000000        0x0 c:/devkitpro/devkitarm/bin/../lib/gcc/arm-none-eabi/5.3.0/thumb/crtn.o
 .bss           0x00000000        0x0 c:/devkitpro/devkitarm/bin/../lib/gcc/arm-none-eabi/5.3.0/thumb/crtn.o

Memory Configuration

Name             Origin             Length             Attributes
rom              0x08000000         0x02000000
iwram            0x03000000         0x00008000
ewram            0x02000000         0x00040000
*default*        0x00000000         0xffffffff

Linker script and memory map

                0x08000000                __text_start = ORIGIN (rom)
                0x02040000                __eheap_end = (ORIGIN (ewram) + 0x40000)
                0x03000000                __iwram_start = ORIGIN (iwram)
                0x03008000                __iwram_top = (ORIGIN (iwram) + 0x8000)
                0x03007fa0                __sp_irq = (__iwram_top - 0x60)
                0x03007f00                __sp_usr = (__sp_irq - 0xa0)
                0x03007ff8                __irq_flags = 0x3007ff8
                0x08000000                . = __text_start

.init           0x08000000      0x21c
 *(.init)
 .init          0x08000000      0x210 c:/devkitpro/devkitarm/bin/../lib/gcc/arm-none-eabi/5.3.0/../../../../arm-none-eabi/lib/thumb/gba_crt0.o
                0x08000000                _start
                0x080000c4                __boot_method
                0x080000c5                __slave_number
                0x080000e0                start_vector
 .init          0x08000210        0x4 c:/devkitpro/devkitarm/bin/../lib/gcc/arm-none-eabi/5.3.0/thumb/crti.o
                0x08000210                _init
 .init          0x08000214        0x8 c:/devkitpro/devkitarm/bin/../lib/gcc/arm-none-eabi/5.3.0/thumb/crtn.o
                0x0800021c                . = ALIGN (0x4)

.plt            0x0800021c        0x0
 *(.plt)
                0x0800021c                . = ALIGN (0x4)

.text           0x08000220     0x2780
 *(EXCLUDE_FILE(*.iwram*) .text)
 .text          0x08000220       0xd4 c:/devkitpro/devkitarm/bin/../lib/gcc/arm-none-eabi/5.3.0/thumb/crtbegin.o
 .text          0x080002f4     0x2104 launch.o
                0x08000314                redrawPlayerLeft
                0x080003c4                redrawPlayerRight
                0x08000470                killGame
                0x08000484                ballReboundX
                0x08000498                ballReboundY
                0x080004ac                VblankInterrupt
                0x080004c0                moveBall
                0x0800056c                checkBallCollision
                0x0800211c                drawFirstBoard
                0x08002270                drawScore
                0x080022d4                main
 .text          0x080023f8      0x2b8 c:/devkitPro/libgba/lib\libgba.a(interrupt.o)
                0x080023f8                dummy
                0x080023fc                InitInterrupt
                0x08002458                irqInit
                0x080024b4                SetInterrupt
                0x080024f8                irqSet
                0x0800253c                irqEnable
                0x0800259c                irqDisable
                0x080025f8                EnableInterrupt
                0x08002654                DisableInterrupt
 .text          0x080026b0      0x150 c:/devkitpro/devkitarm/bin/../lib/gcc/arm-none-eabi/5.3.0/thumb\libgcc.a(_divsi3.o)
                0x080026b0                __divsi3
                0x080026b0                __aeabi_idiv
                0x080027e0                __aeabi_idivmod
 .text          0x08002800        0x4 c:/devkitpro/devkitarm/bin/../lib/gcc/arm-none-eabi/5.3.0/thumb\libgcc.a(_dvmd_tls.o)
                0x08002800                __aeabi_idiv0
                0x08002800                __aeabi_ldiv0
 .text          0x08002804       0x28 c:/devkitpro/devkitarm/bin/../lib/gcc/arm-none-eabi/5.3.0/../../../../arm-none-eabi/lib/thumb\libsysbase.a(gettod.o)
                0x08002804                _gettimeofday_r
 .text          0x0800282c       0x28 c:/devkitpro/devkitarm/bin/../lib/gcc/arm-none-eabi/5.3.0/../../../../arm-none-eabi/lib/thumb\libsysbase.a(getreent.o)
                0x0800282c                __getreent
 .text          0x08002854       0x60 c:/devkitpro/devkitarm/bin/../lib/gcc/arm-none-eabi/5.3.0/thumb\libgcc.a(_muldi3.o)
                0x08002854                __muldi3
                0x08002854                __aeabi_lmul
 *(.text .stub .text.* .gnu.linkonce.t.*)
 .text.__libc_init_array
                0x080028b4       0x58 c:/devkitpro/devkitarm/bin/../lib/gcc/arm-none-eabi/5.3.0/../../../../arm-none-eabi/lib/thumb\libg.a(lib_a-init.o)
                0x080028b4                __libc_init_array
 .text.srand    0x0800290c       0x18 c:/devkitpro/devkitarm/bin/../lib/gcc/arm-none-eabi/5.3.0/../../../../arm-none-eabi/lib/thumb\libg.a(lib_a-rand.o)
                0x0800290c                srand
 .text.rand     0x08002924       0x34 c:/devkitpro/devkitarm/bin/../lib/gcc/arm-none-eabi/5.3.0/../../../../arm-none-eabi/lib/thumb\libg.a(lib_a-rand.o)
                0x08002924                rand
 .text.time     0x08002958       0x2c c:/devkitpro/devkitarm/bin/../lib/gcc/arm-none-eabi/5.3.0/../../../../arm-none-eabi/lib/thumb\libg.a(lib_a-time.o)
                0x08002958                time
 *fill*         0x08002984        0x4 ff
 .text.time.__stub
                0x08002988       0x14 linker stubs
 *(.text.*personality*)
 *(.gnu.warning)
 *(.glue_7t)
 .glue_7t       0x080029a0        0x0 linker stubs
 *(.glue_7)
 .glue_7        0x080029a0        0x0 linker stubs
 *(.vfp11_veneer)
 .vfp11_veneer  0x080029a0        0x0 linker stubs
                0x080029a0                . = ALIGN (0x4)
                0x080029a0                __text_end = .

.v4_bx          0x080029a0        0x0
 .v4_bx         0x080029a0        0x0 linker stubs

.iplt           0x080029a0        0x0
 .iplt          0x080029a0        0x0 c:/devkitpro/devkitarm/bin/../lib/gcc/arm-none-eabi/5.3.0/../../../../arm-none-eabi/lib/thumb/gba_crt0.o

.fini           0x080029a0        0xc
 *(.fini)
 .fini          0x080029a0        0x4 c:/devkitpro/devkitarm/bin/../lib/gcc/arm-none-eabi/5.3.0/thumb/crti.o
                0x080029a0                _fini
 .fini          0x080029a4        0x8 c:/devkitpro/devkitarm/bin/../lib/gcc/arm-none-eabi/5.3.0/thumb/crtn.o
                0x080029ac                . = ALIGN (0x4)

.rodata         0x080029ac        0x4
 *(.rodata)
 *all.rodata*(*)
 *(.roda)
 *(.rodata.*)
 .rodata.str1.4
                0x080029ac        0x4 c:/devkitpro/devkitarm/bin/../lib/gcc/arm-none-eabi/5.3.0/../../../../arm-none-eabi/lib/thumb\libg.a(lib_a-impure.o)
 *(.gnu.linkonce.r*)
                0x080029b0                . = ALIGN (0x4)

.ARM.extab
 *(.ARM.extab* .gnu.linkonce.armextab.*)
                0x080029b0                __exidx_start = .

.ARM.exidx
 *(.ARM.exidx* .gnu.linkonce.armexidx.*)
                0x080029b0                __exidx_end = .

.ctors          0x080029b0        0x0
 *crtbegin.o(.ctors)
 *(EXCLUDE_FILE(*crtend.o) .ctors)
 *(SORT(.ctors.*))
 *(.ctors)
                0x080029b0                . = ALIGN (0x4)

.dtors          0x080029b0        0x0
 *crtbegin.o(.dtors)
 *(EXCLUDE_FILE(*crtend.o) .dtors)
 *(SORT(.dtors.*))
 *(.dtors)
                0x080029b0                . = ALIGN (0x4)

.eh_frame       0x080029b0        0x4
 *(.eh_frame)
 .eh_frame      0x080029b0        0x0 c:/devkitpro/devkitarm/bin/../lib/gcc/arm-none-eabi/5.3.0/thumb/crtbegin.o
 .eh_frame      0x080029b0        0x4 c:/devkitpro/devkitarm/bin/../lib/gcc/arm-none-eabi/5.3.0/thumb/crtend.o
                0x080029b4                . = ALIGN (0x4)

.gcc_except_table
                0x080029b4        0x0
 *(.gcc_except_table)
                0x080029b4                . = ALIGN (0x4)
                0x080029b4                __iwram_lma = .

.iwram          0x03000000       0xb8 load address 0x080029b4
                0x03000000                __iwram_start__ = ABSOLUTE (.)
 *(.iwram)
 .iwram         0x03000000       0xb8 c:/devkitPro/libgba/lib\libgba.a(InterruptDispatcher.o)
                0x03000000                IntrMain
 *iwram.*(.text)
                0x030000b8                . = ALIGN (0x4)
                0x030000b8                __iwram_end__ = ABSOLUTE (.)
                0x08002a6c                __data_lma = (__iwram_lma + SIZEOF (.iwram))

.rel.dyn        0x030000b8        0x0 load address 0x08002a6c
 .rel.iplt      0x030000b8        0x0 c:/devkitpro/devkitarm/bin/../lib/gcc/arm-none-eabi/5.3.0/../../../../arm-none-eabi/lib/thumb/gba_crt0.o

.bss            0x030000b8      0x1a8
                0x030000b8                __bss_start = ABSOLUTE (.)
                0x030000b8                __bss_start__ = ABSOLUTE (.)
 *(.dynbss)
 *(.gnu.linkonce.b*)
 *(.bss*)
 .bss           0x030000b8       0x1c c:/devkitpro/devkitarm/bin/../lib/gcc/arm-none-eabi/5.3.0/thumb/crtbegin.o
 .bss           0x030000d4       0xcc launch.o
                0x030000d4                counter
                0x030000d8                shouldCollideA
                0x030000dc                shouldCollideB
                0x030000e0                shouldCollideC
                0x030000e4                shouldCollideD
                0x030000e8                shouldCollideE
                0x030000ec                shouldCollideF
                0x030000f0                shouldCollideG
                0x030000f4                shouldCollideH
                0x030000f8                shouldCollideI
                0x030000fc                shouldCollideJ
                0x03000100                shouldCollideK
                0x03000104                shouldCollideL
                0x03000108                shouldCollideM
                0x0300010c                shouldCollideN
                0x03000110                shouldCollideO
                0x03000114                shouldCollideP
                0x03000118                shouldCollideQ
                0x0300011c                shouldCollideR
                0x03000120                shouldCollideS
                0x03000124                shouldCollideT
                0x03000128                shouldCollideU
                0x0300012c                shouldCollideV
                0x03000130                shouldCollideW
                0x03000134                shouldCollideX
                0x03000138                shouldCollideY
                0x0300013c                shouldCollideZ
                0x03000140                shouldCollidea
                0x03000144                shouldCollideb
                0x03000148                shouldCollidec
                0x0300014c                shouldCollided
                0x03000150                shouldCollidee
                0x03000154                shouldCollidef
                0x03000158                shouldCollideg
                0x0300015c                shouldCollideh
                0x03000160                shouldCollidei
                0x03000164                shouldCollidej
                0x03000168                shouldCollidek
                0x0300016c                shouldCollidel
                0x03000170                shouldCollidem
                0x03000174                shouldColliden
                0x03000178                shouldCollideo
                0x0300017c                shouldCollidep
                0x03000180                shouldCollideq
                0x03000184                shouldCollider
                0x03000188                shouldCollides
                0x0300018c                shouldCollidet
                0x03000190                shouldCollideu
                0x03000194                shouldCollidev
                0x03000198                shouldCollidew
                0x0300019c                shouldCollidex
 .bss           0x030001a0        0x8 c:/devkitpro/devkitarm/bin/../lib/gcc/arm-none-eabi/5.3.0/../../../../arm-none-eabi/lib/thumb\libsysbase.a(malloc_vars.o)
                0x030001a0                fake_heap_start
                0x030001a4                fake_heap_end
 .bss           0x030001a8       0x38 c:/devkitpro/devkitarm/bin/../lib/gcc/arm-none-eabi/5.3.0/../../../../arm-none-eabi/lib/thumb\libsysbase.a(syscall_support.o)
                0x030001a8                __syscalls
 *(COMMON)
 COMMON         0x030001e0        0x8 launch.o
                0x030001e0                t
                0x030001e4                frame
 COMMON         0x030001e8       0x78 c:/devkitPro/libgba/lib\libgba.a(interrupt.o)
                0x030001e8                IntrTable
                0x03000260                . = ALIGN (0x4)
                0x03000260                __bss_end__ = ABSOLUTE (.)

.data           0x03000260      0x46c load address 0x08002a6c
                0x03000260                __data_start__ = ABSOLUTE (.)
 *(.data)
 .data          0x03000260       0x24 launch.o
                0x03000260                Screen
                0x03000264                KEYS
                0x03000268                playerX
                0x0300026c                ballVelX
                0x03000270                ballVelY
                0x03000274                ballPosX
                0x03000278                ballPosY
                0x0300027c                loop
                0x03000280                menu
 *(.data.*)
 *fill*         0x03000284        0x4 ff
 .data.impure_data
                0x03000288      0x440 c:/devkitpro/devkitarm/bin/../lib/gcc/arm-none-eabi/5.3.0/../../../../arm-none-eabi/lib/thumb\libg.a(lib_a-impure.o)
 .data._impure_ptr
                0x030006c8        0x4 c:/devkitpro/devkitarm/bin/../lib/gcc/arm-none-eabi/5.3.0/../../../../arm-none-eabi/lib/thumb\libg.a(lib_a-impure.o)
                0x030006c8                _impure_ptr
 *(.gnu.linkonce.d*)
                0x030006cc                . = ALIGN (0x4)
                0x08002ed8                __preinit_lma = (__data_lma + SIZEOF (.data))

.igot.plt       0x030006cc        0x0 load address 0x08002ed8
 .igot.plt      0x030006cc        0x0 c:/devkitpro/devkitarm/bin/../lib/gcc/arm-none-eabi/5.3.0/../../../../arm-none-eabi/lib/thumb/gba_crt0.o

.tm_clone_table
                0x030006cc        0x0 load address 0x08002ed8
 .tm_clone_table
                0x030006cc        0x0 c:/devkitpro/devkitarm/bin/../lib/gcc/arm-none-eabi/5.3.0/thumb/crtbegin.o
 .tm_clone_table
                0x030006cc        0x0 c:/devkitpro/devkitarm/bin/../lib/gcc/arm-none-eabi/5.3.0/thumb/crtend.o

.preinit_array  0x030006cc        0x0 load address 0x08002ed8
                0x030006cc                __preinit_array_start = ABSOLUTE (.)
 *(.preinit_array)
                0x030006cc                __preinit_array_end = ABSOLUTE (.)
                0x08002ed8                __init_lma = (__preinit_lma + SIZEOF (.preinit_array))

.init_array     0x030006cc        0x4 load address 0x08002ed8
                0x030006cc                __init_array_start = ABSOLUTE (.)
 *(SORT(.init_array.*))
 *(.init_array)
 .init_array    0x030006cc        0x4 c:/devkitpro/devkitarm/bin/../lib/gcc/arm-none-eabi/5.3.0/thumb/crtbegin.o
                0x030006d0                __init_array_end = ABSOLUTE (.)
                0x08002edc                __fini_lma = (__init_lma + SIZEOF (.init_array))

.fini_array     0x030006d0        0x4 load address 0x08002edc
                0x030006d0                __fini_array_start = ABSOLUTE (.)
 *(SORT(.fini_array.*))
 *(.fini_array)
 .fini_array    0x030006d0        0x4 c:/devkitpro/devkitarm/bin/../lib/gcc/arm-none-eabi/5.3.0/thumb/crtbegin.o
                0x030006d4                __fini_array_end = ABSOLUTE (.)
                0x08002ee0                __jcr_lma = (__fini_lma + SIZEOF (.fini_array))

.jcr            0x030006d4        0x4 load address 0x08002ee0
 *(.jcr)
 .jcr           0x030006d4        0x0 c:/devkitpro/devkitarm/bin/../lib/gcc/arm-none-eabi/5.3.0/thumb/crtbegin.o
 .jcr           0x030006d4        0x4 c:/devkitpro/devkitarm/bin/../lib/gcc/arm-none-eabi/5.3.0/thumb/crtend.o
                0x030006d8                __data_end__ = ABSOLUTE (.)
                0x08002ee4                __iwram_overlay_lma = (__jcr_lma + SIZEOF (.jcr))
                0x030006d8                __iwram_overlay_start = .

.iwram0         0x030006d8        0x0 load address 0x08002ee4
 *(.iwram0)
                0x030006d8                . = ALIGN (0x4)
                0x08002ee4                PROVIDE (__load_start_iwram0, LOADADDR (.iwram0))
                0x08002ee4                PROVIDE (__load_stop_iwram0, (LOADADDR (.iwram0) + SIZEOF (.iwram0)))

.iwram1         0x030006d8        0x0
 *(.iwram1)
                0x030006d8                . = ALIGN (0x4)
                [!provide]                PROVIDE (__load_start_iwram1, LOADADDR (.iwram1))
                [!provide]                PROVIDE (__load_stop_iwram1, (LOADADDR (.iwram1) + SIZEOF (.iwram1)))

.iwram2         0x030006d8        0x0
 *(.iwram2)
                0x030006d8                . = ALIGN (0x4)
                [!provide]                PROVIDE (__load_start_iwram2, LOADADDR (.iwram2))
                [!provide]                PROVIDE (__load_stop_iwram2, (LOADADDR (.iwram2) + SIZEOF (.iwram2)))

.iwram3         0x030006d8        0x0
 *(.iwram3)
                0x030006d8                . = ALIGN (0x4)
                [!provide]                PROVIDE (__load_start_iwram3, LOADADDR (.iwram3))
                [!provide]                PROVIDE (__load_stop_iwram3, (LOADADDR (.iwram3) + SIZEOF (.iwram3)))

.iwram4         0x030006d8        0x0
 *(.iwram4)
                0x030006d8                . = ALIGN (0x4)
                [!provide]                PROVIDE (__load_start_iwram4, LOADADDR (.iwram4))
                [!provide]                PROVIDE (__load_stop_iwram4, (LOADADDR (.iwram4) + SIZEOF (.iwram4)))

.iwram5         0x030006d8        0x0
 *(.iwram5)
                0x030006d8                . = ALIGN (0x4)
                [!provide]                PROVIDE (__load_start_iwram5, LOADADDR (.iwram5))
                [!provide]                PROVIDE (__load_stop_iwram5, (LOADADDR (.iwram5) + SIZEOF (.iwram5)))

.iwram6         0x030006d8        0x0
 *(.iwram6)
                0x030006d8                . = ALIGN (0x4)
                [!provide]                PROVIDE (__load_start_iwram6, LOADADDR (.iwram6))
                [!provide]                PROVIDE (__load_stop_iwram6, (LOADADDR (.iwram6) + SIZEOF (.iwram6)))

.iwram7         0x030006d8        0x0
 *(.iwram7)
                0x030006d8                . = ALIGN (0x4)
                [!provide]                PROVIDE (__load_start_iwram7, LOADADDR (.iwram7))
                [!provide]                PROVIDE (__load_stop_iwram7, (LOADADDR (.iwram7) + SIZEOF (.iwram7)))

.iwram8         0x030006d8        0x0
 *(.iwram8)
                0x030006d8                . = ALIGN (0x4)
                [!provide]                PROVIDE (__load_start_iwram8, LOADADDR (.iwram8))
                [!provide]                PROVIDE (__load_stop_iwram8, (LOADADDR (.iwram8) + SIZEOF (.iwram8)))

.iwram9         0x030006d8        0x0
 *(.iwram9)
                0x030006d8                . = ALIGN (0x4)
                [!provide]                PROVIDE (__load_start_iwram9, LOADADDR (.iwram9))
                [!provide]                PROVIDE (__load_stop_iwram9, (LOADADDR (.iwram9) + SIZEOF (.iwram9)))
                0x030006d8                __iwram_overlay_end = .
                0x08002ee4                __ewram_lma = (__iwram_overlay_lma + (__iwram_overlay_end - __iwram_overlay_start))
                0x030006d8                __iheap_start = .
                0x02000000                __ewram_start = ORIGIN (ewram)

.ewram          0x02000000        0x0 load address 0x08002ee4
 *(.ewram)
                0x02000000                . = ALIGN (0x4)
                0x02000000                __ewram_end = ABSOLUTE (.)
                0x08002ee4                __pad_lma = (__ewram_lma + SIZEOF (.ewram))

.sbss           0x02000000        0x0
                0x02000000                __sbss_start__ = ABSOLUTE (.)
 *(.sbss)
                0x02000000                . = ALIGN (0x4)
                0x02000000                __sbss_end__ = ABSOLUTE (.)
                0x02000000                __end__ = ABSOLUTE (.)
                0x02000000                __eheap_start = ABSOLUTE (.)

.pad            0x02000000        0x8 load address 0x08002ee4
                0x02000000        0x4 LONG 0x52416b64
                0x02000004        0x4 LONG 0x4d
                0x02000008                . = ALIGN (0x4)
                0x08002eec                __rom_end__ = (__pad_lma + SIZEOF (.pad))

.stab
 *(.stab)

.stabstr
 *(.stabstr)

.stab.excl
 *(.stab.excl)

.stab.exclstr
 *(.stab.exclstr)

.stab.index
 *(.stab.index)

.stab.indexstr
 *(.stab.indexstr)

.comment        0x00000000       0x45
 *(.comment)
 .comment       0x00000000       0x22 c:/devkitpro/devkitarm/bin/../lib/gcc/arm-none-eabi/5.3.0/thumb/crtbegin.o
                                 0x23 (size before relaxing)
 .comment       0x00000022       0x23 launch.o
 .comment       0x00000022       0x23 c:/devkitPro/libgba/lib\libgba.a(interrupt.o)
 .comment       0x00000045       0x23 c:/devkitpro/devkitarm/bin/../lib/gcc/arm-none-eabi/5.3.0/../../../../arm-none-eabi/lib/thumb\libg.a(lib_a-init.o)
 .comment       0x00000045       0x23 c:/devkitpro/devkitarm/bin/../lib/gcc/arm-none-eabi/5.3.0/../../../../arm-none-eabi/lib/thumb\libg.a(lib_a-rand.o)
 .comment       0x00000045       0x23 c:/devkitpro/devkitarm/bin/../lib/gcc/arm-none-eabi/5.3.0/../../../../arm-none-eabi/lib/thumb\libg.a(lib_a-time.o)
 .comment       0x00000045       0x23 c:/devkitpro/devkitarm/bin/../lib/gcc/arm-none-eabi/5.3.0/../../../../arm-none-eabi/lib/thumb\libsysbase.a(gettod.o)
 .comment       0x00000045       0x23 c:/devkitpro/devkitarm/bin/../lib/gcc/arm-none-eabi/5.3.0/../../../../arm-none-eabi/lib/thumb\libsysbase.a(malloc_vars.o)
 .comment       0x00000045       0x23 c:/devkitpro/devkitarm/bin/../lib/gcc/arm-none-eabi/5.3.0/../../../../arm-none-eabi/lib/thumb\libsysbase.a(syscall_support.o)
 .comment       0x00000045       0x23 c:/devkitpro/devkitarm/bin/../lib/gcc/arm-none-eabi/5.3.0/../../../../arm-none-eabi/lib/thumb\libsysbase.a(getreent.o)
 .comment       0x00000045       0x23 c:/devkitpro/devkitarm/bin/../lib/gcc/arm-none-eabi/5.3.0/thumb\libgcc.a(_muldi3.o)
 .comment       0x00000045       0x23 c:/devkitpro/devkitarm/bin/../lib/gcc/arm-none-eabi/5.3.0/../../../../arm-none-eabi/lib/thumb\libg.a(lib_a-impure.o)
 .comment       0x00000045       0x23 c:/devkitpro/devkitarm/bin/../lib/gcc/arm-none-eabi/5.3.0/thumb/crtend.o

.debug
 *(.debug)

.line
 *(.line)

.debug_srcinfo
 *(.debug_srcinfo)

.debug_sfnames
 *(.debug_sfnames)

.debug_aranges  0x00000000       0x60
 *(.debug_aranges)
 .debug_aranges
                0x00000000       0x20 launch.o
 .debug_aranges
                0x00000020       0x20 c:/devkitPro/libgba/lib\libgba.a(interrupt.o)
 .debug_aranges
                0x00000040       0x20 c:/devkitPro/libgba/lib\libgba.a(InterruptDispatcher.o)

.debug_pubnames
                0x00000000       0xaa
 *(.debug_pubnames)
 .debug_pubnames
                0x00000000       0xaa c:/devkitPro/libgba/lib\libgba.a(interrupt.o)

.debug_info     0x00000000     0x16fc
 *(.debug_info)
 .debug_info    0x00000000     0x12dc launch.o
 .debug_info    0x000012dc      0x38c c:/devkitPro/libgba/lib\libgba.a(interrupt.o)
 .debug_info    0x00001668       0x94 c:/devkitPro/libgba/lib\libgba.a(InterruptDispatcher.o)

.debug_abbrev   0x00000000      0x392
 *(.debug_abbrev)
 .debug_abbrev  0x00000000      0x1a0 launch.o
 .debug_abbrev  0x000001a0      0x1de c:/devkitPro/libgba/lib\libgba.a(interrupt.o)
 .debug_abbrev  0x0000037e       0x14 c:/devkitPro/libgba/lib\libgba.a(InterruptDispatcher.o)

.debug_line     0x00000000     0x1089
 *(.debug_line)
 .debug_line    0x00000000      0xe88 launch.o
 .debug_line    0x00000e88      0x165 c:/devkitPro/libgba/lib\libgba.a(interrupt.o)
 .debug_line    0x00000fed       0x9c c:/devkitPro/libgba/lib\libgba.a(InterruptDispatcher.o)

.debug_frame    0x00000000      0x1f4
 *(.debug_frame)
 .debug_frame   0x00000000      0x11c launch.o
 .debug_frame   0x0000011c       0xd8 c:/devkitPro/libgba/lib\libgba.a(interrupt.o)

.debug_str      0x00000000      0x84e
 *(.debug_str)
 .debug_str     0x00000000      0x71e launch.o
                                0x757 (size before relaxing)
 .debug_str     0x0000071e      0x130 c:/devkitPro/libgba/lib\libgba.a(interrupt.o)
                                0x210 (size before relaxing)

.debug_loc      0x00000000      0x194
 *(.debug_loc)
 .debug_loc     0x00000000      0x194 c:/devkitPro/libgba/lib\libgba.a(interrupt.o)

.debug_macinfo
 *(.debug_macinfo)

.debug_weaknames
 *(.debug_weaknames)

.debug_funcnames
 *(.debug_funcnames)

.debug_typenames
 *(.debug_typenames)

.debug_varnames
 *(.debug_varnames)

.stack          0x00080000        0x0
                0x00080000                _stack = .
 *(.stack)

.note.gnu.arm.ident
 *(.note.gnu.arm.ident)

.ARM.attributes
                0x00000000       0x2b
 *(.ARM.attributes)
 .ARM.attributes
                0x00000000       0x16 c:/devkitpro/devkitarm/bin/../lib/gcc/arm-none-eabi/5.3.0/../../../../arm-none-eabi/lib/thumb/gba_crt0.o
 .ARM.attributes
                0x00000016       0x16 c:/devkitpro/devkitarm/bin/../lib/gcc/arm-none-eabi/5.3.0/thumb/crti.o
 .ARM.attributes
                0x0000002c       0x30 c:/devkitpro/devkitarm/bin/../lib/gcc/arm-none-eabi/5.3.0/thumb/crtbegin.o
 .ARM.attributes
                0x0000005c       0x14 coin.pcx.o
 .ARM.attributes
                0x00000070       0x14 magic.pcx.o
 .ARM.attributes
                0x00000084       0x14 player.pcx.o
 .ARM.attributes
                0x00000098       0x14 ppic.pcx.o
 .ARM.attributes
                0x000000ac       0x14 testA.pcx.o
 .ARM.attributes
                0x000000c0       0x14 testB.pcx.o
 .ARM.attributes
                0x000000d4       0x14 wall.pcx.o
 .ARM.attributes
                0x000000e8       0x2c launch.o
 .ARM.attributes
                0x00000114       0x2e c:/devkitPro/libgba/lib\libgba.a(interrupt.o)
 .ARM.attributes
                0x00000142       0x1e c:/devkitPro/libgba/lib\libgba.a(InterruptDispatcher.o)
 .ARM.attributes
                0x00000160       0x18 c:/devkitpro/devkitarm/bin/../lib/gcc/arm-none-eabi/5.3.0/thumb\libgcc.a(_divsi3.o)
 .ARM.attributes
                0x00000178       0x16 c:/devkitpro/devkitarm/bin/../lib/gcc/arm-none-eabi/5.3.0/thumb\libgcc.a(_dvmd_tls.o)
 .ARM.attributes
                0x0000018e       0x30 c:/devkitpro/devkitarm/bin/../lib/gcc/arm-none-eabi/5.3.0/../../../../arm-none-eabi/lib/thumb\libg.a(lib_a-init.o)
 .ARM.attributes
                0x000001be       0x30 c:/devkitpro/devkitarm/bin/../lib/gcc/arm-none-eabi/5.3.0/../../../../arm-none-eabi/lib/thumb\libg.a(lib_a-rand.o)
 .ARM.attributes
                0x000001ee       0x30 c:/devkitpro/devkitarm/bin/../lib/gcc/arm-none-eabi/5.3.0/../../../../arm-none-eabi/lib/thumb\libg.a(lib_a-time.o)
 .ARM.attributes
                0x0000021e       0x30 c:/devkitpro/devkitarm/bin/../lib/gcc/arm-none-eabi/5.3.0/../../../../arm-none-eabi/lib/thumb\libsysbase.a(gettod.o)
 .ARM.attributes
                0x0000024e       0x30 c:/devkitpro/devkitarm/bin/../lib/gcc/arm-none-eabi/5.3.0/../../../../arm-none-eabi/lib/thumb\libsysbase.a(malloc_vars.o)
 .ARM.attributes
                0x0000027e       0x30 c:/devkitpro/devkitarm/bin/../lib/gcc/arm-none-eabi/5.3.0/../../../../arm-none-eabi/lib/thumb\libsysbase.a(syscall_support.o)
 .ARM.attributes
                0x000002ae       0x30 c:/devkitpro/devkitarm/bin/../lib/gcc/arm-none-eabi/5.3.0/../../../../arm-none-eabi/lib/thumb\libsysbase.a(getreent.o)
 .ARM.attributes
                0x000002de       0x30 c:/devkitpro/devkitarm/bin/../lib/gcc/arm-none-eabi/5.3.0/thumb\libgcc.a(_muldi3.o)
 .ARM.attributes
                0x0000030e       0x30 c:/devkitpro/devkitarm/bin/../lib/gcc/arm-none-eabi/5.3.0/../../../../arm-none-eabi/lib/thumb\libg.a(lib_a-impure.o)
 .ARM.attributes
                0x0000033e       0x30 c:/devkitpro/devkitarm/bin/../lib/gcc/arm-none-eabi/5.3.0/thumb/crtend.o
 .ARM.attributes
                0x0000036e       0x16 c:/devkitpro/devkitarm/bin/../lib/gcc/arm-none-eabi/5.3.0/thumb/crtn.o

/DISCARD/
 *(.note.GNU-stack)
LOAD c:/devkitpro/devkitarm/bin/../lib/gcc/arm-none-eabi/5.3.0/../../../../arm-none-eabi/lib/thumb/gba_crt0.o
LOAD c:/devkitpro/devkitarm/bin/../lib/gcc/arm-none-eabi/5.3.0/thumb/crti.o
LOAD c:/devkitpro/devkitarm/bin/../lib/gcc/arm-none-eabi/5.3.0/thumb/crtbegin.o
LOAD coin.pcx.o
LOAD magic.pcx.o
LOAD player.pcx.o
LOAD ppic.pcx.o
LOAD testA.pcx.o
LOAD testB.pcx.o
LOAD wall.pcx.o
LOAD launch.o
LOAD c:/devkitPro/libgba/lib\libgba.a
START GROUP
LOAD c:/devkitpro/devkitarm/bin/../lib/gcc/arm-none-eabi/5.3.0/thumb\libgcc.a
LOAD c:/devkitpro/devkitarm/bin/../lib/gcc/arm-none-eabi/5.3.0/../../../../arm-none-eabi/lib/thumb\libg.a
LOAD c:/devkitpro/devkitarm/bin/../lib/gcc/arm-none-eabi/5.3.0/../../../../arm-none-eabi/lib/thumb\libc.a
LOAD c:/devkitpro/devkitarm/bin/../lib/gcc/arm-none-eabi/5.3.0/../../../../arm-none-eabi/lib/thumb\libsysbase.a
END GROUP
LOAD c:/devkitpro/devkitarm/bin/../lib/gcc/arm-none-eabi/5.3.0/thumb/crtend.o
LOAD c:/devkitpro/devkitarm/bin/../lib/gcc/arm-none-eabi/5.3.0/thumb/crtn.o
OUTPUT(c:/Users/Computing/Documents/GitHub/16603468/gamejam12-13-11-16/project/PCXView.elf elf32-littlearm)

.debug_ranges   0x00000000       0x60
 .debug_ranges  0x00000000       0x60 c:/devkitPro/libgba/lib\libgba.a(interrupt.o)
